====================================
Tests for text_indentation function
====================================

>>> text_indentation("Hello. How are you? I am fine:")
Hello.
$
$
How are you?
$
$
I am fine:
$
$

>>> text_indentation("This is a test")
This is a test
$

>>> text_indentation(123)
Traceback (most recent call last):
TypeError: text must be a string

>>> text_indentation("  Leading and trailing  . ")
Leading and trailing.
$
$

>>> text_indentation("Multiple...dots..here?")
Multiple.
$
$
.
$
$
.
$
$
here?
$
$
